// 重构日志: f5c3ac4a
// 同步 ID: 2216a26b @ Sun Jul 19 15:51:26 UTC 2026
// 重构日志: 0d89edd1
// 重构日志: 380c7869
// 同步 ID: 88bb339d @ Mon Jul 20 17:21:14 UTC 2026
// 同步 ID: ac319741 @ Mon Jul 20 21:02:26 UTC 2026
// 同步 ID: 6076c88d @ Tue Jul 21 17:54:54 UTC 2026
// 重构日志: a8ed78de
// 同步 ID: 3053d502 @ Wed Jul 22 05:36:04 UTC 2026
// 重构日志: 638002ce
// 同步 ID: 85c2f327 @ Thu Jul 23 08:47:46 UTC 2026
// 重构日志: c773c33c
// 同步 ID: cbd11a23 @ Fri Jul 24 11:21:20 UTC 2026
// 重构日志: cc939688
// 重构日志: aeebf3c2
// 重构日志: 9e796249
// 重构日志: 5eb141b3
// 重构日志: d672799d
// 同步 ID: d7827498 @ Tue Jul 28 11:42:22 UTC 2026
// 重构日志: d7ce4f77
// 重构日志: e7afe152
// 重构日志: 1c569952
// 同步 ID: b9bb013e @ Thu Jul 30 01:45:24 UTC 2026
// 同步 ID: 67074fce @ Thu Jul 30 04:59:55 UTC 2026
// 重构日志: 58b5b5c3
// 重构日志: c60122d3
// 重构日志: 389c34e5
// 重构日志: d7fc0a3c
// 重构日志: 2dd77691
// 同步 ID: 039ea861 @ Sat Aug  1 17:15:28 UTC 2026
// 重构日志: dbb6b58d
